#-----------------------------------------------------------
# Vivado v2019.1 (64-bit)
# SW Build 2552052 on Fri May 24 14:49:42 MDT 2019
# IP Build 2548770 on Fri May 24 18:01:18 MDT 2019
# Start of session at: Wed Oct  9 15:53:26 2019
# Process ID: 17212
# Current directory: C:/Users/pigir/Desktop/NUS/Yr4s1/CG3207/Lab/Lab3/ProcessorIntel/lab2temp
# Command line: vivado.exe -gui_launcher_event rodinguilauncherevent16428 C:\Users\pigir\Desktop\NUS\Yr4s1\CG3207\Lab\Lab3\ProcessorIntel\lab2temp\lab2temp.xpr
# Log file: C:/Users/pigir/Desktop/NUS/Yr4s1/CG3207/Lab/Lab3/ProcessorIntel/lab2temp/vivado.log
# Journal file: C:/Users/pigir/Desktop/NUS/Yr4s1/CG3207/Lab/Lab3/ProcessorIntel/lab2temp\vivado.jou
#-----------------------------------------------------------
start_gui
open_project C:/Users/pigir/Desktop/NUS/Yr4s1/CG3207/Lab/Lab3/ProcessorIntel/lab2temp/lab2temp.xpr
update_compile_order -fileset sources_1
launch_simulation
source test_Wrapper.tcl
restart
close_sim
# Disabling source management mode.  This is to allow the top design properties to be set without GUI intervention.
set_property source_mgmt_mode None [current_project]
set_property top test_MCycle [get_filesets sim_1]
set_property top_lib xil_defaultlib [get_filesets sim_1]
# Re-enabling previously disabled source management mode.
set_property source_mgmt_mode All [current_project]
reset_run synth_1
launch_runs synth_1 -jobs 4
wait_on_run synth_1
reset_run synth_1
launch_runs synth_1 -jobs 4
wait_on_run synth_1
launch_simulation
source test_MCycle.tcl
restart
run 350 ns
current_wave_config {Untitled 2}
add_wave {{/test_MCycle/dut}} 
restart
run 350 ns
close_sim
reset_run synth_1
launch_runs synth_1 -jobs 4
wait_on_run synth_1
launch_simulation
source test_MCycle.tcl
current_wave_config {Untitled 3}
add_wave {{/test_MCycle/dut}} 
restart
run 350 ns
close_sim
reset_run synth_1
launch_runs synth_1 -jobs 4
wait_on_run synth_1
launch_simulation
source test_MCycle.tcl
current_wave_config {Untitled 4}
add_wave {{/test_MCycle/dut}} 
restart
run 350 ns
close_sim
launch_simulation
source test_MCycle.tcl
restart
restart
run 350 ns
run 350 ns
close_sim
launch_simulation
source test_MCycle.tcl
close_sim
launch_simulation
source test_MCycle.tcl
close_sim
launch_simulation
source test_MCycle.tcl
close_sim
launch_simulation
source test_MCycle.tcl
relaunch_sim
relaunch_sim
relaunch_sim
relaunch_sim
relaunch_sim
relaunch_sim
relaunch_sim
relaunch_sim
relaunch_sim
relaunch_sim
relaunch_sim
relaunch_sim
relaunch_sim
relaunch_sim
relaunch_sim
relaunch_sim
relaunch_sim
current_wave_config {Untitled 12}
add_wave {{/test_MCycle/dut}} 
relaunch_sim
relaunch_sim
relaunch_sim
run 350 ns
reset_run synth_1
launch_runs synth_1 -jobs 4
wait_on_run synth_1
close_sim
launch_simulation
source test_MCycle.tcl
current_wave_config {Untitled 13}
add_wave {{/test_MCycle/dut}} 
relaunch_sim
relaunch_sim
relaunch_sim
relaunch_sim
relaunch_sim
close_sim
