#-----------------------------------------------------------
# Vivado v2019.1 (64-bit)
# SW Build 2552052 on Fri May 24 14:49:42 MDT 2019
# IP Build 2548770 on Fri May 24 18:01:18 MDT 2019
# Start of session at: Fri Oct 11 16:07:15 2019
# Process ID: 12632
# Current directory: C:/Users/pigir/Desktop/NUS/Yr4s1/CG3207/Lab/Lab3/ProcessorIntel/lab2temp
# Command line: vivado.exe -gui_launcher_event rodinguilauncherevent4688 C:\Users\pigir\Desktop\NUS\Yr4s1\CG3207\Lab\Lab3\ProcessorIntel\lab2temp\lab2temp.xpr
# Log file: C:/Users/pigir/Desktop/NUS/Yr4s1/CG3207/Lab/Lab3/ProcessorIntel/lab2temp/vivado.log
# Journal file: C:/Users/pigir/Desktop/NUS/Yr4s1/CG3207/Lab/Lab3/ProcessorIntel/lab2temp\vivado.jou
#-----------------------------------------------------------
start_gui
open_project C:/Users/pigir/Desktop/NUS/Yr4s1/CG3207/Lab/Lab3/ProcessorIntel/lab2temp/lab2temp.xpr
update_compile_order -fileset sources_1
launch_simulation
source test_MCycle.tcl
run 350 ns
relaunch_sim
current_wave_config {Untitled 1}
add_wave {{/test_MCycle/dut}} 
relaunch_sim
