#-----------------------------------------------------------
# Vivado v2019.1 (64-bit)
# SW Build 2552052 on Fri May 24 14:49:42 MDT 2019
# IP Build 2548770 on Fri May 24 18:01:18 MDT 2019
# Start of session at: Fri Oct 11 09:11:50 2019
# Process ID: 1476
# Current directory: C:/Users/pigir/Desktop/NUS/Yr4s1/CG3207/Lab/Lab3/ProcessorIntel/lab2temp
# Command line: vivado.exe -gui_launcher_event rodinguilauncherevent8664 C:\Users\pigir\Desktop\NUS\Yr4s1\CG3207\Lab\Lab3\ProcessorIntel\lab2temp\lab2temp.xpr
# Log file: C:/Users/pigir/Desktop/NUS/Yr4s1/CG3207/Lab/Lab3/ProcessorIntel/lab2temp/vivado.log
# Journal file: C:/Users/pigir/Desktop/NUS/Yr4s1/CG3207/Lab/Lab3/ProcessorIntel/lab2temp\vivado.jou
#-----------------------------------------------------------
start_gui
open_project C:/Users/pigir/Desktop/NUS/Yr4s1/CG3207/Lab/Lab3/ProcessorIntel/lab2temp/lab2temp.xpr
uupdate_compile_order -fileset sources_1launch_simulation
source test_MCycle.tcl
current_wave_config {Untitled 1}
add_wave {{/test_MCycle/dut}} 
relaunch_sim
relaunch_sim
relaunch_sim
relaunch_sim
relaunch_sim
relaunch_sim
relaunch_sim
relaunch_sim
relaunch_sim
relaunch_sim
relaunch_sim
relaunch_sim
relaunch_sim
relaunch_sim
relaunch_sim
relaunch_sim
relaunch_sim
reset_run synth_1
launch_runs synth_1 -jobs 4
wait_on_run synth_1
close_sim
launch_simulation
source test_MCycle.tcl
current_wave_config {Untitled 2}
add_wave {{/test_MCycle/dut}} 
restart
run 350 ns
close_sim
launch_simulation
source test_MCycle.tcl
current_wave_config {Untitled 3}
add_wave {{/test_MCycle/dut}} 
restart
run 350 ns
close_sim
launch_simulation
source test_MCycle.tcl
current_wave_config {Untitled 4}
add_wave {{/test_MCycle/dut}} 
restart
run 350 ns
close_sim
launch_simulation
source test_MCycle.tcl
current_wave_config {Untitled 5}
add_wave {{/test_MCycle/dut}} 
restart
run 350 ns
restart
run 350 ns
close_sim
launch_simulation
source test_MCycle.tcl
current_wave_config {Untitled 6}
add_wave {{/test_MCycle/dut}} 
restart
run 350 ns
restart
run 350 ns
relaunch_sim
restart
current_wave_config {Untitled 6}
add_wave {{/test_MCycle/dut}} 
run 350 ns
relaunch_sim
restart
current_wave_config {Untitled 6}
add_wave {{/test_MCycle/dut}} 
run 350 ns
relaunch_sim
current_wave_config {Untitled 6}
add_wave {{/test_MCycle/dut}} 
restart
run 350 ns
relaunch_sim
run 350 ns
restart
run 350 ns
relaunch_sim
close_sim
launch_simulation
source test_MCycle.tcl
current_wave_config {Untitled 7}
add_wave {{/test_MCycle/dut}} 
restart
run 350 ns
relaunch_sim
run 350 ns
restart
run 350 ns
relaunch_sim
restart
run 350 ns
relaunch_sim
restart
restart
run 350 ns
relaunch_sim
restart
run 350 ns
relaunch_sim
restart
run 350 ns
relaunch_sim
restart
run 350 ns
relaunch_sim
restart
run 350 ns
relaunch_sim
run 350 ns
relaunch_sim
restart
run 350 ns
relaunch_sim
